3.6.3.86383 3905947 2026-08-04 12:12:37.444 INFO  tDispatcher-worker-1 SshImportedConfigsProviderImpl Plugin ssh > Importing OpenSSH configs from: /home/wil/.ssh/config
3.6.3.86383 3905947 2026-08-04 12:12:37.451 INFO  tDispatcher-worker-8 IntellijSshConfigImporter      Plugin ssh > Importing IntelliJ SSH configuration from /home/wil/.config/JetBrains/Air
3.6.3.86383 3905947 2026-08-04 12:12:37.456 INFO  tDispatcher-worker-8 IntellijSshConfigImporter      Plugin ssh > Importing IntelliJ SSH configuration from /home/wil/.config/JetBrains/IntelliJIdea2026.1
3.6.3.86383 3905947 2026-08-04 12:12:37.458 INFO  tDispatcher-worker-8 IntellijSshConfigImporter      Plugin ssh > Importing IntelliJ SSH configuration from /home/wil/.config/JetBrains/CLion2026.1
3.6.3.86383 3905947 2026-08-04 12:12:37.461 INFO  tDispatcher-worker-8 IntellijSshConfigImporter      Plugin ssh > Importing IntelliJ SSH configuration from /home/wil/.config/JetBrains/GoLand2026.1
3.6.3.86383 3905947 2026-08-04 12:12:37.465 INFO  tDispatcher-worker-8 IntellijSshConfigImporter      Plugin ssh > Importing IntelliJ SSH configuration from /home/wil/.config/JetBrains/RubyMine2026.1
3.6.3.86383 3905947 2026-08-04 12:12:37.470 INFO  tDispatcher-worker-8 IntellijSshConfigImporter      Plugin ssh > Importing IntelliJ SSH configuration from /home/wil/.config/JetBrains/DataGrip2026.1
3.6.3.86383 3905947 2026-08-04 12:12:37.473 INFO  tDispatcher-worker-8 IntellijSshConfigImporter      Plugin ssh > Importing IntelliJ SSH configuration from /home/wil/.config/JetBrains/PyCharm2026.1
3.6.3.86383 3905947 2026-08-04 12:12:37.477 INFO  tDispatcher-worker-8 IntellijSshConfigImporter      Plugin ssh > Importing IntelliJ SSH configuration from /home/wil/.config/JetBrains/RustRover2026.1
3.6.3.86383 3905947 2026-08-04 12:12:37.480 INFO  tDispatcher-worker-8 IntellijSshConfigImporter      Plugin ssh > Importing IntelliJ SSH configuration from /home/wil/.config/JetBrains/Rider2026.1
3.6.3.86383 3920304 2026-08-04 12:15:55.754 INFO  Dispatcher-worker-18 SshImportedConfigsProviderImpl Plugin ssh > Importing OpenSSH configs from: /home/wil/.ssh/config
3.6.3.86383 3920304 2026-08-04 12:15:55.764 INFO  Dispatcher-worker-34 IntellijSshConfigImporter      Plugin ssh > Importing IntelliJ SSH configuration from /home/wil/.config/JetBrains/Air
3.6.3.86383 3920304 2026-08-04 12:15:55.768 INFO  Dispatcher-worker-34 IntellijSshConfigImporter      Plugin ssh > Importing IntelliJ SSH configuration from /home/wil/.config/JetBrains/CLion2026.1
3.6.3.86383 3920304 2026-08-04 12:15:55.775 INFO  Dispatcher-worker-34 IntellijSshConfigImporter      Plugin ssh > Importing IntelliJ SSH configuration from /home/wil/.config/JetBrains/PyCharm2026.1
3.6.3.86383 3920304 2026-08-04 12:15:55.779 INFO  Dispatcher-worker-34 IntellijSshConfigImporter      Plugin ssh > Importing IntelliJ SSH configuration from /home/wil/.config/JetBrains/Rider2026.1
3.6.3.86383 3920304 2026-08-04 12:15:55.781 INFO  Dispatcher-worker-34 IntellijSshConfigImporter      Plugin ssh > Importing IntelliJ SSH configuration from /home/wil/.config/JetBrains/IntelliJIdea2026.1
3.6.3.86383 3920304 2026-08-04 12:15:55.784 INFO  Dispatcher-worker-34 IntellijSshConfigImporter      Plugin ssh > Importing IntelliJ SSH configuration from /home/wil/.config/JetBrains/DataGrip2026.1
3.6.3.86383 3920304 2026-08-04 12:15:55.786 INFO  Dispatcher-worker-34 IntellijSshConfigImporter      Plugin ssh > Importing IntelliJ SSH configuration from /home/wil/.config/JetBrains/RubyMine2026.1
3.6.3.86383 3920304 2026-08-04 12:15:55.789 INFO  Dispatcher-worker-34 IntellijSshConfigImporter      Plugin ssh > Importing IntelliJ SSH configuration from /home/wil/.config/JetBrains/GoLand2026.1
3.6.3.86383 3920304 2026-08-04 12:15:55.791 INFO  Dispatcher-worker-34 IntellijSshConfigImporter      Plugin ssh > Importing IntelliJ SSH configuration from /home/wil/.config/JetBrains/RustRover2026.1
3.6.3.86383 3926247 2026-08-04 12:18:07.476 INFO  Dispatcher-worker-15 SshImportedConfigsProviderImpl Plugin ssh > Importing OpenSSH configs from: /run/user/1000/vf/vmlab-ssh-config
3.6.3.86383 3926247 2026-08-04 12:18:07.482 INFO  Dispatcher-worker-21 IntellijSshConfigImporter      Plugin ssh > Importing IntelliJ SSH configuration from /home/wil/.config/JetBrains/CLion2026.1
3.6.3.86383 3926247 2026-08-04 12:18:07.485 INFO  Dispatcher-worker-21 IntellijSshConfigImporter      Plugin ssh > Importing IntelliJ SSH configuration from /home/wil/.config/JetBrains/Air
3.6.3.86383 3926247 2026-08-04 12:18:07.489 INFO  Dispatcher-worker-21 IntellijSshConfigImporter      Plugin ssh > Importing IntelliJ SSH configuration from /home/wil/.config/JetBrains/IntelliJIdea2026.1
3.6.3.86383 3926247 2026-08-04 12:18:07.491 INFO  Dispatcher-worker-21 IntellijSshConfigImporter      Plugin ssh > Importing IntelliJ SSH configuration from /home/wil/.config/JetBrains/GoLand2026.1
3.6.3.86383 3926247 2026-08-04 12:18:07.493 INFO  Dispatcher-worker-21 IntellijSshConfigImporter      Plugin ssh > Importing IntelliJ SSH configuration from /home/wil/.config/JetBrains/Rider2026.1
3.6.3.86383 3926247 2026-08-04 12:18:07.495 INFO  Dispatcher-worker-21 IntellijSshConfigImporter      Plugin ssh > Importing IntelliJ SSH configuration from /home/wil/.config/JetBrains/PyCharm2026.1
3.6.3.86383 3926247 2026-08-04 12:18:07.498 INFO  Dispatcher-worker-21 IntellijSshConfigImporter      Plugin ssh > Importing IntelliJ SSH configuration from /home/wil/.config/JetBrains/RustRover2026.1
3.6.3.86383 3926247 2026-08-04 12:18:07.504 INFO  Dispatcher-worker-21 IntellijSshConfigImporter      Plugin ssh > Importing IntelliJ SSH configuration from /home/wil/.config/JetBrains/DataGrip2026.1
3.6.3.86383 3926247 2026-08-04 12:18:07.509 INFO  Dispatcher-worker-21 IntellijSshConfigImporter      Plugin ssh > Importing IntelliJ SSH configuration from /home/wil/.config/JetBrains/RubyMine2026.1
